============================================================
  Generated by:           Genus(TM) Synthesis Solution 21.14-s082_1
  Generated on:           Mar 01 2026  04:33:44 pm
  Module:                 alarm_clock_top
  Operating conditions:   slow (balanced_tree)
  Wireload mode:          enclosed
  Area mode:              timing library
============================================================

                               
   Gate    Instances    Area   Library 
---------------------------------------
ADDHX1             1    12.110    slow 
AND2X1             1     4.541    slow 
AO21X1             1     6.812    slow 
AOI211X1           6    31.790    slow 
AOI21XL            4    18.166    slow 
AOI221X1           1     7.569    slow 
AOI222XL           2    16.652    slow 
AOI22X1            1     6.055    slow 
AOI2BB1X1          1     6.055    slow 
AOI32X1            1     6.812    slow 
CLKINVX1           8    18.166    slow 
CLKXOR2X1          1     8.326    slow 
DFFQX1            66  1049.063    slow 
INVX1             16    36.331    slow 
INVXL              8    18.166    slow 
MXI2XL            21   127.159    slow 
NAND2BX1           7    31.790    slow 
NAND2XL           38   115.049    slow 
NAND3X1            5    22.707    slow 
NAND4BXL           1     6.812    slow 
NAND4XL            4    21.193    slow 
NOR2BX1           14    63.580    slow 
NOR2BXL           14    63.580    slow 
NOR2XL            49   148.352    slow 
NOR3X1             4    18.166    slow 
NOR4BBX1           1     8.326    slow 
NOR4BX1            1     6.812    slow 
NOR4X1             4    24.221    slow 
OA21XL            11    74.933    slow 
OAI211X1           4    21.193    slow 
OAI21X1           16    72.662    slow 
OAI221X1           1     7.569    slow 
OAI22X1            3    18.166    slow 
OAI22XL            1     6.055    slow 
OAI2BB1XL          1     5.298    slow 
OAI32X1            6    40.873    slow 
OR4XL              3    20.436    slow 
SDFFQX1            1    20.436    slow 
XNOR2XL            3    24.978    slow 
XOR2XL             5    41.630    slow 
---------------------------------------
total            336  2258.590         


                                         
     Type      Instances   Area   Area % 
-----------------------------------------
sequential            67 1069.500   47.4 
inverter              32   72.662    3.2 
unresolved             1    0.000    0.0 
logic                237 1116.428   49.4 
physical_cells         0    0.000    0.0 
-----------------------------------------
total                337 2258.590  100.0 

