============================================================
  Generated by:           Genus(TM) Synthesis Solution 21.14-s082_1
  Generated on:           Mar 01 2026  04:33:44 pm
  Module:                 alarm_clock_top
  Operating conditions:   slow (balanced_tree)
  Wireload mode:          enclosed
  Area mode:              timing library
============================================================


Path 1: MET (6797 ps) Setup Check with Pin tc/hour_reg[4]/CK->D
          Group: clk
     Startpoint: (R) tc/sec_reg[0]/CK
          Clock: (R) clk
       Endpoint: (R) tc/hour_reg[4]/D
          Clock: (R) clk

                     Capture       Launch     
        Clock Edge:+   10000            0     
       Src Latency:+       0            0     
       Net Latency:+       0 (I)        0 (I) 
           Arrival:=   10000            0     
                                              
             Setup:-     218                  
       Uncertainty:-     200                  
     Required Time:=    9582                  
      Launch Clock:-       0                  
         Data Path:-    2785                  
             Slack:=    6797                  

#-----------------------------------------------------------------------------------------
#  Timing Point    Flags   Arc   Edge   Cell     Fanout Load Trans Delay Arrival Instance 
#                                                       (fF)  (ps)  (ps)   (ps)  Location 
#-----------------------------------------------------------------------------------------
  tc/sec_reg[0]/CK -       -     R     (arrival)     68    -     0     0       0    (-,-) 
  tc/sec_reg[0]/Q  -       CK->Q R     DFFQX1         4 57.0   481   563     563    (-,-) 
  tc/g1839__6161/Y -       B->Y  F     NAND2XL        3  5.1   236   201     764    (-,-) 
  tc/g1829__1705/Y -       AN->Y F     NAND2BX1       6 14.2   298   272    1036    (-,-) 
  tc/g1825__1617/Y -       B->Y  R     NOR3X1         2  5.2   220   207    1243    (-,-) 
  tc/g1820__4319/Y -       B->Y  F     NAND2XL        3  6.1   227   175    1418    (-,-) 
  tc/g1808__9945/Y -       B->Y  R     NOR2BX1        5 12.8   242   229    1647    (-,-) 
  tc/g1801/Y       -       A->Y  F     CLKINVX1       3  7.2   109    94    1741    (-,-) 
  tc/g1800__4733/Y -       C->Y  R     NOR3X1         2  5.2   220   153    1894    (-,-) 
  tc/g1795__7098/Y -       B->Y  F     NAND2XL        3  5.1   211   159    2053    (-,-) 
  tc/g1782__6260/Y -       AN->Y F     NAND2BX1       3  5.1   194   186    2239    (-,-) 
  tc/g1775__5477/Y -       AN->Y F     NAND2BX1       3  7.3   222   203    2442    (-,-) 
  tc/g1768__9945/Y -       C->Y  R     NOR3X1         2  5.4   236   186    2628    (-,-) 
  tc/g1764__6161/Y -       B0->Y F     AOI32X1        1  1.6   204    81    2708    (-,-) 
  tc/g1763/Y       -       A->Y  R     INVXL          1  1.6    76    76    2785    (-,-) 
  tc/hour_reg[4]/D <<<     -     R     DFFQX1         1    -     -     0    2785    (-,-) 
#-----------------------------------------------------------------------------------------

